[onkruid.studio/index.html]
[backblue.gif]
[fade.gif]
[index.html]
[onkruid.studio/assets/dist/img/apple-icon-57x57.png]
[onkruid.studio/assets/dist/img/apple-icon-60x60.png]
[onkruid.studio/assets/dist/img/apple-icon-72x72.png]
[onkruid.studio/assets/dist/img/apple-icon-76x76.png]
[onkruid.studio/assets/dist/img/apple-icon-114x114.png]
[onkruid.studio/assets/dist/img/apple-icon-120x120.png]
[onkruid.studio/assets/dist/img/apple-icon-144x144.png]
[onkruid.studio/assets/dist/img/apple-icon-152x152.png]
[onkruid.studio/assets/dist/img/apple-icon-180x180.png]
[onkruid.studio/assets/dist/img/android-icon-192x192.png]
[onkruid.studio/assets/dist/img/favicon-32x32.png]
[onkruid.studio/assets/dist/img/favicon-96x96.png]
[onkruid.studio/assets/dist/img/favicon-16x16.png]
[onkruid.studio/assets/dist/img/manifest.json]
[onkruid.studio/assets/dist/img/ms-icon-144x144.png]
[onkruid.studio/assets/dist/css/pace.1543666836.css]
[onkruid.studio/assets/plugins/embed/css/embed.css]
[onkruid.studio/assets/dist/css/main.min.1543666836.css]
[onkruid.studio/projects.html]
[onkruid.studio/contact.html]
[onkruid.studio/jobs.html]
[cdnjs.cloudflare.com/ajax/libs/jquery/3.2.1/jquery.min.js]
[cdnjs.cloudflare.com/ajax/libs/lazysizes/4.0.1/lazysizes.min.js]
[cdnjs.cloudflare.com/ajax/libs/flickity/2.0.10/flickity.pkgd.js]
[cdnjs.cloudflare.com/ajax/libs/barba.js/1.0.0/barba.min.js]
[cdnjs.cloudflare.com/ajax/libs/list.js/1.5.0/list.min.js]
[cdnjs.cloudflare.com/ajax/libs/pace/1.0.2/pace.min.js]
[onkruid.studio/assets/plugins/embed/js/embed.js]
[onkruid.studio/index.html]
[onkruid.studio/assets/dist/css/pace.1543666836.css]
[onkruid.studio/assets/plugins/embed/css/embed.css]
[onkruid.studio/assets/dist/js/main.min.1543666840.js]
[onkruid.studio/assets/dist/fonts/NHaasGroteskTXStd-55Rgd41d.eot]
[onkruid.studio/assets/dist/fonts/NHaasGroteskTXStd-55Rg.otf]
[onkruid.studio/assets/dist/fonts/NHaasGroteskTXStd-55Rg.woff]
[onkruid.studio/assets/dist/fonts/NHaasGroteskTXStd-55Rg.ttf]
[onkruid.studio/assets/dist/fonts/NHaasGroteskTXStd-55Rg.svg]
[onkruid.studio/assets/dist/img/arrow--left--white.svg]
[onkruid.studio/assets/dist/css/main.min.1543666836.css]
[onkruid.studio/assets/dist/img/arrow--right--white.svg]
[onkruid.studio/projects/horst18.html]
[onkruid.studio/thumbs/projects/horst18/00sel_horst_maxim_vrijdag_drop-02h-19-1-2160x1440.jpg]
[onkruid.studio/thumbs/projects/horst18/00sel_horst_maxim_vrijdag_drop-02h-19-1-1440x960.jpg]
[onkruid.studio/thumbs/projects/horst18/kopie-van-horst18_jeroenverrecht_0735-2160x1440.jpg]
[onkruid.studio/thumbs/projects/horst18/kopie-van-horst18_jeroenverrecht_0735-1440x960.jpg]
[onkruid.studio/thumbs/projects/horst18/kopie-van-horst_maxim_vrijdag_drop-02h-3-2160x1440.jpg]
[onkruid.studio/thumbs/projects/horst18/kopie-van-horst_maxim_vrijdag_drop-02h-3-1440x960.jpg]
[onkruid.studio/thumbs/projects/horst18/41728223_2007171766045691_8447299449654345728_o-2160x1440.jpg]
[onkruid.studio/thumbs/projects/horst18/41728223_2007171766045691_8447299449654345728_o-1440x960.jpg]
[onkruid.studio/thumbs/projects/horst18/kopie-van-horst_maxim_zondag-140-2160x1440.jpg]
[onkruid.studio/thumbs/projects/horst18/kopie-van-horst_maxim_zondag-140-1440x960.jpg]
[onkruid.studio/thumbs/projects/horst18/kopie-van-horst_maxim_zondag-50-2160x1440.jpg]
[onkruid.studio/thumbs/projects/horst18/kopie-van-horst_maxim_zondag-50-1440x960.jpg]
[onkruid.studio/thumbs/projects/horst18/kopie-van-horst_maxim_zondag-157-2160x1440.jpg]
[onkruid.studio/thumbs/projects/horst18/kopie-van-horst_maxim_zondag-157-1440x960.jpg]
[onkruid.studio/thumbs/projects/horst18/kopie-van-horst_maxim_zaterdag-234-1-2160x1440.jpg]
[onkruid.studio/thumbs/projects/horst18/kopie-van-horst_maxim_zaterdag-234-1-1440x960.jpg]
[onkruid.studio/thumbs/projects/horst18/kopie-van-horst18_jeroenverrecht_9208-2160x1440.jpg]
[onkruid.studio/thumbs/projects/horst18/kopie-van-horst18_jeroenverrecht_9208-1440x960.jpg]
[onkruid.studio/thumbs/projects/horst18/kopie-van-horst_maxim_zaterdag-54-1-2160x1440.jpg]
[onkruid.studio/thumbs/projects/horst18/kopie-van-horst_maxim_zaterdag-54-1-1440x960.jpg]
[onkruid.studio/thumbs/projects/horst18/kopie-van-horst18_jeroenverrecht_9206-2-2160x1440.jpg]
[onkruid.studio/thumbs/projects/horst18/kopie-van-horst18_jeroenverrecht_9206-2-1440x960.jpg]
[onkruid.studio/thumbs/projects/horst18/kopie-van-horst_maxim_zaterdag-211-2160x1440.jpg]
[onkruid.studio/thumbs/projects/horst18/kopie-van-horst_maxim_zaterdag-211-1440x960.jpg]
[onkruid.studio/thumbs/projects/horst18/kopie-van-horst_maxim_zaterdag-216-1-2160x1440.jpg]
[onkruid.studio/thumbs/projects/horst18/kopie-van-horst_maxim_zaterdag-216-1-1440x960.jpg]
[onkruid.studio/thumbs/projects/horst18/kopie-van-horst_maxim_zaterdag-222-2160x1440.jpg]
[onkruid.studio/thumbs/projects/horst18/kopie-van-horst_maxim_zaterdag-222-1440x960.jpg]
[onkruid.studio/thumbs/projects/horst18/00select_horst18_jeroenverrecht_0730-2160x1440.jpg]
[onkruid.studio/thumbs/projects/horst18/00select_horst18_jeroenverrecht_0730-1440x960.jpg]
[onkruid.studio/projects/club-kiosk.html]
[onkruid.studio/thumbs/projects/club-kiosk/clubkioskonkruid-5-2160x1440.jpg]
[onkruid.studio/thumbs/projects/club-kiosk/clubkioskonkruid-5-1440x960.jpg]
[onkruid.studio/thumbs/projects/club-kiosk/_mg_0598-2160x1440.jpg]
[onkruid.studio/thumbs/projects/club-kiosk/_mg_0598-1440x960.jpg]
[onkruid.studio/thumbs/projects/club-kiosk/clubkioskonkruid-6-2160x1440.jpg]
[onkruid.studio/thumbs/projects/club-kiosk/clubkioskonkruid-6-1440x960.jpg]
[onkruid.studio/thumbs/projects/club-kiosk/clubkioskonkruid-7-2160x1440.jpg]
[onkruid.studio/thumbs/projects/club-kiosk/clubkioskonkruid-7-1440x960.jpg]
[onkruid.studio/projects/creatives-shaping-cities-iii.html]
[onkruid.studio/thumbs/projects/creatives-shaping-cities-iii/img_7333-2160x1440.jpg]
[onkruid.studio/thumbs/projects/creatives-shaping-cities-iii/img_7333-1440x960.jpg]
[onkruid.studio/thumbs/projects/creatives-shaping-cities-iii/img_7280-2160x1440.jpg]
[onkruid.studio/thumbs/projects/creatives-shaping-cities-iii/img_7280-1440x960.jpg]
[onkruid.studio/thumbs/projects/creatives-shaping-cities-iii/img_7295-2160x1440.jpg]
[onkruid.studio/thumbs/projects/creatives-shaping-cities-iii/img_7295-1440x960.jpg]
[onkruid.studio/thumbs/projects/creatives-shaping-cities-iii/img_7298-2160x1440.jpg]
[onkruid.studio/thumbs/projects/creatives-shaping-cities-iii/img_7298-1440x960.jpg]
[onkruid.studio/thumbs/projects/creatives-shaping-cities-iii/img_7319-2160x1440.jpg]
[onkruid.studio/thumbs/projects/creatives-shaping-cities-iii/img_7319-1440x960.jpg]
[onkruid.studio/thumbs/projects/creatives-shaping-cities-iii/img_7388-2160x1440.jpg]
[onkruid.studio/thumbs/projects/creatives-shaping-cities-iii/img_7388-1440x960.jpg]
[onkruid.studio/projects/zwemkom.html]
[onkruid.studio/projects/vaartkomplein.html]
[onkruid.studio/content/2-projects/4-zwemkom/beeld-zwemkom.jpg]
[onkruid.studio/projects/creatives-shaping-cities-ii.html]
[onkruid.studio/thumbs/projects/creatives-shaping-cities-ii/28424180_1741657155930488_639081713470149806_o-2160x1440.jpg]
[onkruid.studio/thumbs/projects/creatives-shaping-cities-ii/28424180_1741657155930488_639081713470149806_o-1440x960.jpg]
[onkruid.studio/thumbs/projects/creatives-shaping-cities-ii/img_0154-2160x1440.jpg]
[onkruid.studio/thumbs/projects/creatives-shaping-cities-ii/img_0154-1440x960.jpg]
[onkruid.studio/thumbs/projects/creatives-shaping-cities-ii/28238755_1741657055930498_4687882734247710630_o-2160x1440.jpg]
[onkruid.studio/thumbs/projects/creatives-shaping-cities-ii/28238755_1741657055930498_4687882734247710630_o-1440x960.jpg]
[onkruid.studio/thumbs/projects/creatives-shaping-cities-ii/28238942_1741657512597119_6130241058608043934_o-2160x1440.jpg]
[onkruid.studio/thumbs/projects/creatives-shaping-cities-ii/28238942_1741657512597119_6130241058608043934_o-1440x960.jpg]
[onkruid.studio/thumbs/projects/creatives-shaping-cities-ii/28335876_1741657575930446_2876588024622695602_o-2160x1440.jpg]
[onkruid.studio/thumbs/projects/creatives-shaping-cities-ii/28335876_1741657575930446_2876588024622695602_o-1440x960.jpg]
[onkruid.studio/thumbs/projects/creatives-shaping-cities-ii/28337050_1741657749263762_8328106418555595985_o-2160x1440.jpg]
[onkruid.studio/thumbs/projects/creatives-shaping-cities-ii/28337050_1741657749263762_8328106418555595985_o-1440x960.jpg]
[onkruid.studio/thumbs/projects/creatives-shaping-cities-ii/28616402_1741657249263812_6685642199685056097_o-2160x1440.jpg]
[onkruid.studio/thumbs/projects/creatives-shaping-cities-ii/28616402_1741657249263812_6685642199685056097_o-1440x960.jpg]
[onkruid.studio/thumbs/projects/creatives-shaping-cities-ii/28239035_1741657845930419_4758919162829852745_o-2160x1440.jpg]
[onkruid.studio/thumbs/projects/creatives-shaping-cities-ii/28239035_1741657845930419_4758919162829852745_o-1440x960.jpg]
[onkruid.studio/projects/stelplaats.html]
[onkruid.studio/thumbs/projects/stelplaats/dsc_3090-2160x1440.jpg]
[onkruid.studio/thumbs/projects/stelplaats/dsc_3090-1440x960.jpg]
[onkruid.studio/thumbs/projects/stelplaats/28516393_1977439352583728_4419216315652649030_o-2160x1440.jpg]
[onkruid.studio/thumbs/projects/stelplaats/28516393_1977439352583728_4419216315652649030_o-1440x960.jpg]
[onkruid.studio/thumbs/projects/stelplaats/graffiti-2160x1440.jpg]
[onkruid.studio/thumbs/projects/stelplaats/graffiti-1440x960.jpg]
[onkruid.studio/thumbs/projects/stelplaats/vloer1-2160x1440.jpg]
[onkruid.studio/thumbs/projects/stelplaats/vloer1-1440x960.jpg]
[onkruid.studio/thumbs/projects/stelplaats/fullsizerender-2-2160x1440.jpg]
[onkruid.studio/thumbs/projects/stelplaats/fullsizerender-2-1440x960.jpg]
[onkruid.studio/thumbs/projects/stelplaats/overview-2160x1440.jpg]
[onkruid.studio/thumbs/projects/stelplaats/overview-1440x960.jpg]
[onkruid.studio/thumbs/projects/stelplaats/collectief-z.a.t-2160x1440.jpg]
[onkruid.studio/thumbs/projects/stelplaats/collectief-z.a.t-1440x960.jpg]
[onkruid.studio/thumbs/projects/stelplaats/180321_ambras_sabine_stelplaats_090-2160x1440.jpg]
[onkruid.studio/thumbs/projects/stelplaats/180321_ambras_sabine_stelplaats_090-1440x960.jpg]
[onkruid.studio/thumbs/projects/stelplaats/180321_ambras_sabine_stelplaats_084-2160x1440.jpg]
[onkruid.studio/thumbs/projects/stelplaats/180321_ambras_sabine_stelplaats_084-1440x960.jpg]
[onkruid.studio/thumbs/projects/stelplaats/28618882_1977438912583772_5498933114461563353_o-2160x1440.jpg]
[onkruid.studio/thumbs/projects/stelplaats/28618882_1977438912583772_5498933114461563353_o-1440x960.jpg]
[onkruid.studio/thumbs/projects/stelplaats/28701541_1977439669250363_912670987672828144_o-2160x1440.jpg]
[onkruid.studio/thumbs/projects/stelplaats/28701541_1977439669250363_912670987672828144_o-1440x960.jpg]
[onkruid.studio/projects/moorkensplein.html]
[onkruid.studio/thumbs/projects/moorkensplein/28701435_1826578237360391_132042149846509520_o-2160x1440.jpg]
[onkruid.studio/thumbs/projects/moorkensplein/28701435_1826578237360391_132042149846509520_o-1440x960.jpg]
[onkruid.studio/thumbs/projects/moorkensplein/28701590_1826578230693725_5635328031073196307_o-2160x1440.jpg]
[onkruid.studio/thumbs/projects/moorkensplein/28701590_1826578230693725_5635328031073196307_o-1440x960.jpg]
[onkruid.studio/thumbs/projects/moorkensplein/28953698_1826578364027045_2900576597961027604_o-2160x1440.jpg]
[onkruid.studio/thumbs/projects/moorkensplein/28953698_1826578364027045_2900576597961027604_o-1440x960.jpg]
[onkruid.studio/thumbs/projects/moorkensplein/28617155_1826578234027058_3853311083722259821_o-2160x1440.jpg]
[onkruid.studio/thumbs/projects/moorkensplein/28617155_1826578234027058_3853311083722259821_o-1440x960.jpg]
[onkruid.studio/thumbs/projects/moorkensplein/170111-voorstel-borgerhout-2160x1440.png]
[onkruid.studio/thumbs/projects/moorkensplein/170111-voorstel-borgerhout-1440x960.png]
[onkruid.studio/thumbs/projects/moorkensplein/170111-voorstel-borgerhout-2-2160x1440.png]
[onkruid.studio/thumbs/projects/moorkensplein/170111-voorstel-borgerhout-2-1440x960.png]
[onkruid.studio/projects/horst17.html]
[onkruid.studio/thumbs/projects/horst17/pommelien_koolen_horst_08_nacht51-2160x1440.jpg]
[onkruid.studio/thumbs/projects/horst17/pommelien_koolen_horst_08_nacht51-1440x960.jpg]
[onkruid.studio/thumbs/projects/horst17/20170908-horst-festival-2017-dag-1-illiasteirlinck-21-2160x1440.jpg]
[onkruid.studio/thumbs/projects/horst17/20170908-horst-festival-2017-dag-1-illiasteirlinck-21-1440x960.jpg]
[onkruid.studio/thumbs/projects/horst17/20170908-horst-festival-2017-dag-1-illiasteirlinck-25-2160x1440.jpg]
[onkruid.studio/thumbs/projects/horst17/20170908-horst-festival-2017-dag-1-illiasteirlinck-25-1440x960.jpg]
[onkruid.studio/thumbs/projects/horst17/20170908-horst-festival-2017-dag-1-illiasteirlinck-29-2160x1440.jpg]
[onkruid.studio/thumbs/projects/horst17/20170908-horst-festival-2017-dag-1-illiasteirlinck-29-1440x960.jpg]
[onkruid.studio/thumbs/projects/horst17/20170908-horst-festival-2017-dag-1-illiasteirlinck-36-2160x1440.jpg]
[onkruid.studio/thumbs/projects/horst17/20170908-horst-festival-2017-dag-1-illiasteirlinck-36-1440x960.jpg]
[onkruid.studio/thumbs/projects/horst17/20170908-horst-festival-2017-dag-1-illiasteirlinck-37-2160x1440.jpg]
[onkruid.studio/thumbs/projects/horst17/20170908-horst-festival-2017-dag-1-illiasteirlinck-37-1440x960.jpg]
[onkruid.studio/thumbs/projects/horst17/20170908-horst-festival-2017-dag-1-illiasteirlinck-32-2160x1440.jpg]
[onkruid.studio/thumbs/projects/horst17/20170908-horst-festival-2017-dag-1-illiasteirlinck-32-1440x960.jpg]
[onkruid.studio/thumbs/projects/horst17/foto-9-09-17-19-04-03-2160x1440.jpg]
[onkruid.studio/thumbs/projects/horst17/foto-9-09-17-19-04-03-1440x960.jpg]
[onkruid.studio/thumbs/projects/horst17/foto-9-09-17-18-11-29-2160x1440.jpg]
[onkruid.studio/thumbs/projects/horst17/foto-9-09-17-18-11-29-1440x960.jpg]
[onkruid.studio/thumbs/projects/horst17/foto-9-09-17-21-07-06-2160x1440.jpg]
[onkruid.studio/thumbs/projects/horst17/foto-9-09-17-21-07-06-1440x960.jpg]
[onkruid.studio/thumbs/projects/horst17/foto-9-09-17-21-09-28-2160x1440.jpg]
[onkruid.studio/thumbs/projects/horst17/foto-9-09-17-21-09-28-1440x960.jpg]
[onkruid.studio/thumbs/projects/horst17/horst-friday-maxikamera-6692-2160x1440.jpg]
[onkruid.studio/thumbs/projects/horst17/horst-friday-maxikamera-6692-1440x960.jpg]
[onkruid.studio/thumbs/projects/horst17/horst-friday-maxikamera-6781-2160x1440.jpg]
[onkruid.studio/thumbs/projects/horst17/horst-friday-maxikamera-6781-1440x960.jpg]
[onkruid.studio/thumbs/projects/horst17/horst_jeroenverrecht_1607-2160x1440.jpg]
[onkruid.studio/thumbs/projects/horst17/horst_jeroenverrecht_1607-1440x960.jpg]
[onkruid.studio/thumbs/projects/horst17/horst_jeroenverrecht_1638-1-2160x1440.jpg]
[onkruid.studio/thumbs/projects/horst17/horst_jeroenverrecht_1638-1-1440x960.jpg]
[onkruid.studio/thumbs/projects/horst17/horst_jeroenverrecht_1999-1-2160x1440.jpg]
[onkruid.studio/thumbs/projects/horst17/horst_jeroenverrecht_1999-1-1440x960.jpg]
[onkruid.studio/thumbs/projects/horst17/horst_jeroenverrecht_2026-1-2160x1440.jpg]
[onkruid.studio/thumbs/projects/horst17/horst_jeroenverrecht_2026-1-1440x960.jpg]
[onkruid.studio/thumbs/projects/horst17/horst_jeroenverrecht_2105-1-2160x1440.jpg]
[onkruid.studio/thumbs/projects/horst17/horst_jeroenverrecht_2105-1-1440x960.jpg]
[onkruid.studio/thumbs/projects/horst17/horst_jeroenverrecht_2133-1-2160x1440.jpg]
[onkruid.studio/thumbs/projects/horst17/horst_jeroenverrecht_2133-1-1440x960.jpg]
[onkruid.studio/thumbs/projects/horst17/horst_jeroenverrecht_1728-1-2160x1440.jpg]
[onkruid.studio/thumbs/projects/horst17/horst_jeroenverrecht_1728-1-1440x960.jpg]
[onkruid.studio/thumbs/projects/horst17/pommelien_koolen_horst_0813-2160x1440.jpg]
[onkruid.studio/thumbs/projects/horst17/pommelien_koolen_horst_0813-1440x960.jpg]
[onkruid.studio/thumbs/projects/horst17/pommelien_koolen_horst_08_nacht55-2160x1440.jpg]
[onkruid.studio/thumbs/projects/horst17/pommelien_koolen_horst_08_nacht55-1440x960.jpg]
[onkruid.studio/thumbs/projects/horst17/wysiwyg-201709-be-horst-15-2160x1440.jpg]
[onkruid.studio/thumbs/projects/horst17/wysiwyg-201709-be-horst-15-1440x960.jpg]
[onkruid.studio/thumbs/projects/horst17/pommelien_koolen_horst_09_avond45-2160x1440.jpg]
[onkruid.studio/thumbs/projects/horst17/pommelien_koolen_horst_09_avond45-1440x960.jpg]
[onkruid.studio/thumbs/projects/horst17/pommelien_koolen_horst_089-2160x1440.jpg]
[onkruid.studio/thumbs/projects/horst17/pommelien_koolen_horst_089-1440x960.jpg]
[onkruid.studio/thumbs/projects/horst17/wysiwyg-201709-be-horst-13-2160x1440.jpg]
[onkruid.studio/thumbs/projects/horst17/wysiwyg-201709-be-horst-13-1440x960.jpg]
[onkruid.studio/thumbs/projects/horst17/wysiwyg-201709-be-horst-12-2160x1440.jpg]
[onkruid.studio/thumbs/projects/horst17/wysiwyg-201709-be-horst-12-1440x960.jpg]
[onkruid.studio/thumbs/projects/horst17/pommelien_koolen_horst_09_avond54-2160x1440.jpg]
[onkruid.studio/thumbs/projects/horst17/pommelien_koolen_horst_09_avond54-1440x960.jpg]
[onkruid.studio/projects/stuk-cafe.html]
[onkruid.studio/projects/the-slope.html]
[onkruid.studio/thumbs/projects/the-slope/2017-06-30-20u09s-jokko-1114-_-2160x1440.jpg]
[onkruid.studio/thumbs/projects/the-slope/2017-06-30-20u09s-jokko-1114-_-1440x960.jpg]
[onkruid.studio/thumbs/projects/the-slope/2017-06-29-22u05s-jokko-9380-_-2160x1440.jpg]
[onkruid.studio/thumbs/projects/the-slope/2017-06-29-22u05s-jokko-9380-_-1440x960.jpg]
[onkruid.studio/thumbs/projects/the-slope/2017-07-01-00u26s-jokko-2401-_-2160x1440.jpg]
[onkruid.studio/thumbs/projects/the-slope/2017-07-01-00u26s-jokko-2401-_-1440x960.jpg]
[onkruid.studio/thumbs/projects/the-slope/rw17-zondag-162-2160x1440.jpg]
[onkruid.studio/thumbs/projects/the-slope/rw17-zondag-162-1440x960.jpg]
[onkruid.studio/thumbs/projects/the-slope/rw17-zondag-81-2160x1440.jpg]
[onkruid.studio/thumbs/projects/the-slope/rw17-zondag-81-1440x960.jpg]
[onkruid.studio/projects/creatives-shaping-cities-i.html]
[onkruid.studio/thumbs/projects/creatives-shaping-cities-i/18358925_1426898160739724_3358368037645016947_o-2160x1440.jpg]
[onkruid.studio/thumbs/projects/creatives-shaping-cities-i/18358925_1426898160739724_3358368037645016947_o-1440x960.jpg]
[onkruid.studio/thumbs/projects/creatives-shaping-cities-i/18359013_1426897904073083_4402001593720941623_o-2160x1440.jpg]
[onkruid.studio/thumbs/projects/creatives-shaping-cities-i/18359013_1426897904073083_4402001593720941623_o-1440x960.jpg]
[onkruid.studio/thumbs/projects/creatives-shaping-cities-i/18359357_1426898570739683_251023567515715964_o-2160x1440.jpg]
[onkruid.studio/thumbs/projects/creatives-shaping-cities-i/18359357_1426898570739683_251023567515715964_o-1440x960.jpg]
[onkruid.studio/thumbs/projects/creatives-shaping-cities-i/18359505_1426899080739632_8577713771329705057_o-2160x1440.jpg]
[onkruid.studio/thumbs/projects/creatives-shaping-cities-i/18359505_1426899080739632_8577713771329705057_o-1440x960.jpg]
[onkruid.studio/thumbs/projects/creatives-shaping-cities-i/18401940_1426897940739746_1111204033095158711_o-2160x1440.jpg]
[onkruid.studio/thumbs/projects/creatives-shaping-cities-i/18401940_1426897940739746_1111204033095158711_o-1440x960.jpg]
[onkruid.studio/thumbs/projects/creatives-shaping-cities-i/18402235_1426897714073102_7940854174562821119_o-2160x1440.jpg]
[onkruid.studio/thumbs/projects/creatives-shaping-cities-i/18402235_1426897714073102_7940854174562821119_o-1440x960.jpg]
[onkruid.studio/thumbs/projects/creatives-shaping-cities-i/18403971_1426899254072948_5792040711540862527_o-2160x1440.jpg]
[onkruid.studio/thumbs/projects/creatives-shaping-cities-i/18403971_1426899254072948_5792040711540862527_o-1440x960.jpg]
[onkruid.studio/thumbs/projects/creatives-shaping-cities-i/18404093_1426899067406300_5689896980699153534_o-2160x1440.jpg]
[onkruid.studio/thumbs/projects/creatives-shaping-cities-i/18404093_1426899067406300_5689896980699153534_o-1440x960.jpg]
[onkruid.studio/thumbs/projects/creatives-shaping-cities-i/18423133_1426898290739711_4504357153753891921_o-2160x1440.jpg]
[onkruid.studio/thumbs/projects/creatives-shaping-cities-i/18423133_1426898290739711_4504357153753891921_o-1440x960.jpg]
[onkruid.studio/thumbs/projects/creatives-shaping-cities-i/18489626_1426898567406350_4715387297662790711_o-2160x1440.jpg]
[onkruid.studio/thumbs/projects/creatives-shaping-cities-i/18489626_1426898567406350_4715387297662790711_o-1440x960.jpg]
[onkruid.studio/projects/slachthuissite.html]
[onkruid.studio/thumbs/projects/slachthuissite/slachthuislaan-2160x1440.jpg]
[onkruid.studio/thumbs/projects/slachthuissite/slachthuislaan-1440x960.jpg]
[onkruid.studio/thumbs/projects/slachthuissite/foto02-2160x1440.jpg]
[onkruid.studio/thumbs/projects/slachthuissite/foto02-1440x960.jpg]
[onkruid.studio/projects/jaar-schouwburg.html]
[onkruid.studio/thumbs/projects/jaar-schouwburg/170821banner00_b-w-bluesmoke_2-2160x1440.jpg]
[onkruid.studio/thumbs/projects/jaar-schouwburg/170821banner00_b-w-bluesmoke_2-1440x960.jpg]
[onkruid.studio/thumbs/projects/jaar-schouwburg/nachtravenindemist_schouwburg_onkruid-11-2160x1440.jpg]
[onkruid.studio/thumbs/projects/jaar-schouwburg/nachtravenindemist_schouwburg_onkruid-11-1440x960.jpg]
[onkruid.studio/thumbs/projects/jaar-schouwburg/nachtravenindemist_schouwburg_onkruid-17-2160x1440.jpg]
[onkruid.studio/thumbs/projects/jaar-schouwburg/nachtravenindemist_schouwburg_onkruid-17-1440x960.jpg]
[onkruid.studio/thumbs/projects/jaar-schouwburg/nachtravenindemist_schouwburg_onkruid-18-2160x1440.jpg]
[onkruid.studio/thumbs/projects/jaar-schouwburg/nachtravenindemist_schouwburg_onkruid-18-1440x960.jpg]
[onkruid.studio/thumbs/projects/jaar-schouwburg/nachtravenindemist_schouwburg_onkruid-19-2160x1440.jpg]
[onkruid.studio/thumbs/projects/jaar-schouwburg/nachtravenindemist_schouwburg_onkruid-19-1440x960.jpg]
[onkruid.studio/thumbs/projects/jaar-schouwburg/nachtravenindemist_schouwburg_onkruid-41-2160x1440.jpg]
[onkruid.studio/thumbs/projects/jaar-schouwburg/nachtravenindemist_schouwburg_onkruid-41-1440x960.jpg]
[onkruid.studio/thumbs/projects/jaar-schouwburg/nachtravenindemist_schouwburg_onkruid-2-2160x1440.jpg]
[onkruid.studio/thumbs/projects/jaar-schouwburg/nachtravenindemist_schouwburg_onkruid-2-1440x960.jpg]
[onkruid.studio/thumbs/projects/jaar-schouwburg/nachtravenindemist_schouwburg_onkruid-3-2160x1440.jpg]
[onkruid.studio/thumbs/projects/jaar-schouwburg/nachtravenindemist_schouwburg_onkruid-3-1440x960.jpg]
[onkruid.studio/thumbs/projects/jaar-schouwburg/nachtravenindemist_schouwburg_onkruid-21-2160x1440.jpg]
[onkruid.studio/thumbs/projects/jaar-schouwburg/nachtravenindemist_schouwburg_onkruid-21-1440x960.jpg]
[onkruid.studio/thumbs/projects/jaar-schouwburg/nachtravenindemist_schouwburg_onkruid-24-2160x1440.jpg]
[onkruid.studio/thumbs/projects/jaar-schouwburg/nachtravenindemist_schouwburg_onkruid-24-1440x960.jpg]
[onkruid.studio/thumbs/projects/jaar-schouwburg/nachtravenindemist_schouwburg_onkruid-27-2160x1440.jpg]
[onkruid.studio/thumbs/projects/jaar-schouwburg/nachtravenindemist_schouwburg_onkruid-27-1440x960.jpg]
[onkruid.studio/thumbs/projects/jaar-schouwburg/nachtravenindemist_schouwburg_onkruid-28-2160x1440.jpg]
[onkruid.studio/thumbs/projects/jaar-schouwburg/nachtravenindemist_schouwburg_onkruid-28-1440x960.jpg]
[onkruid.studio/thumbs/projects/jaar-schouwburg/nachtravenindemist_schouwburg_onkruid-38-2160x1440.jpg]
[onkruid.studio/thumbs/projects/jaar-schouwburg/nachtravenindemist_schouwburg_onkruid-38-1440x960.jpg]
[onkruid.studio/thumbs/projects/jaar-schouwburg/nachtravenindemist_schouwburg_onkruid-4-2160x1440.jpg]
[onkruid.studio/thumbs/projects/jaar-schouwburg/nachtravenindemist_schouwburg_onkruid-4-1440x960.jpg]
[onkruid.studio/thumbs/projects/jaar-schouwburg/nachtravenindemist_schouwburg_onkruid-49-2160x1440.jpg]
[onkruid.studio/thumbs/projects/jaar-schouwburg/nachtravenindemist_schouwburg_onkruid-49-1440x960.jpg]
[onkruid.studio/thumbs/projects/jaar-schouwburg/nachtravenindemist_schouwburg_onkruid-7-2160x1440.jpg]
[onkruid.studio/thumbs/projects/jaar-schouwburg/nachtravenindemist_schouwburg_onkruid-7-1440x960.jpg]
[onkruid.studio/projects/horst-16.html]
[onkruid.studio/thumbs/projects/horst-16/horst-dag-01-export-38-2160x1440.jpg]
[onkruid.studio/thumbs/projects/horst-16/horst-dag-01-export-38-1440x960.jpg]
[onkruid.studio/thumbs/projects/horst-16/14556506_1162596947169848_6932250105811957925_o-2160x1440.jpg]
[onkruid.studio/thumbs/projects/horst-16/14556506_1162596947169848_6932250105811957925_o-1440x960.jpg]
[onkruid.studio/thumbs/projects/horst-16/horst_jeroenverrecht_1180-2160x1440.jpg]
[onkruid.studio/thumbs/projects/horst-16/horst_jeroenverrecht_1180-1440x960.jpg]
[onkruid.studio/thumbs/projects/horst-16/14567420_1162596913836518_2258170408807008938_o-2160x1440.jpg]
[onkruid.studio/thumbs/projects/horst-16/14567420_1162596913836518_2258170408807008938_o-1440x960.jpg]
[onkruid.studio/thumbs/projects/horst-16/14468456_1161872993908910_6748049752926547466_o-2160x1440.jpg]
[onkruid.studio/thumbs/projects/horst-16/14468456_1161872993908910_6748049752926547466_o-1440x960.jpg]
[onkruid.studio/thumbs/projects/horst-16/14480730_1162597597169783_4399408907977779980_o-2160x1440.jpg]
[onkruid.studio/thumbs/projects/horst-16/14480730_1162597597169783_4399408907977779980_o-1440x960.jpg]
[onkruid.studio/thumbs/projects/horst-16/14481959_1161871320575744_1998594913150466751_o-2160x1440.jpg]
[onkruid.studio/thumbs/projects/horst-16/14481959_1161871320575744_1998594913150466751_o-1440x960.jpg]
[onkruid.studio/thumbs/projects/horst-16/14500598_1161871200575756_8945607105259881727_o-2160x1440.jpg]
[onkruid.studio/thumbs/projects/horst-16/14500598_1161871200575756_8945607105259881727_o-1440x960.jpg]
[onkruid.studio/thumbs/projects/horst-16/14524406_1162597517169791_4008591877722296764_o-2160x1440.jpg]
[onkruid.studio/thumbs/projects/horst-16/14524406_1162597517169791_4008591877722296764_o-1440x960.jpg]
[onkruid.studio/thumbs/projects/horst-16/14500659_1162600100502866_3150875662530854694_o-2160x1440.jpg]
[onkruid.studio/thumbs/projects/horst-16/14500659_1162600100502866_3150875662530854694_o-1440x960.jpg]
[onkruid.studio/thumbs/projects/horst-16/14525106_1161873007242242_1451561273515174998_o-2160x1440.jpg]
[onkruid.studio/thumbs/projects/horst-16/14525106_1161873007242242_1451561273515174998_o-1440x960.jpg]
[onkruid.studio/thumbs/projects/horst-16/14525170_1161872867242256_957042656746125040_o-2160x1440.jpg]
[onkruid.studio/thumbs/projects/horst-16/14525170_1161872867242256_957042656746125040_o-1440x960.jpg]
[onkruid.studio/thumbs/projects/horst-16/14543760_1162599960502880_7398116764555133854_o-2160x1440.jpg]
[onkruid.studio/thumbs/projects/horst-16/14543760_1162599960502880_7398116764555133854_o-1440x960.jpg]
[onkruid.studio/thumbs/projects/horst-16/14543934_1162597013836508_8019390405767781386_o-2160x1440.jpg]
[onkruid.studio/thumbs/projects/horst-16/14543934_1162597013836508_8019390405767781386_o-1440x960.jpg]
[onkruid.studio/thumbs/projects/horst-16/14560102_1161871530575723_7733992113836339846_o-2160x1440.jpg]
[onkruid.studio/thumbs/projects/horst-16/14560102_1161871530575723_7733992113836339846_o-1440x960.jpg]
[onkruid.studio/thumbs/projects/horst-16/14566359_1162597227169820_8450390767864656943_o-2160x1440.jpg]
[onkruid.studio/thumbs/projects/horst-16/14566359_1162597227169820_8450390767864656943_o-1440x960.jpg]
[onkruid.studio/thumbs/projects/vaartkomplein/leuven-karlbruninx-68-2160x1440.jpg]
[onkruid.studio/thumbs/projects/vaartkomplein/leuven-karlbruninx-68-1440x960.jpg]
[onkruid.studio/thumbs/projects/vaartkomplein/img_4271-2160x1440.jpg]
[onkruid.studio/thumbs/projects/vaartkomplein/img_4271-1440x960.jpg]
[onkruid.studio/thumbs/projects/vaartkomplein/img_4970-2160x1440.jpg]
[onkruid.studio/thumbs/projects/vaartkomplein/img_4970-1440x960.jpg]
[onkruid.studio/thumbs/projects/vaartkomplein/img_4328-2160x1440.jpg]
[onkruid.studio/thumbs/projects/vaartkomplein/img_4328-1440x960.jpg]
[onkruid.studio/thumbs/projects/vaartkomplein/opek-6-2160x1440.jpg]
[onkruid.studio/thumbs/projects/vaartkomplein/opek-6-1440x960.jpg]
[onkruid.studio/thumbs/projects/vaartkomplein/img_3711-2160x1440.jpg]
[onkruid.studio/thumbs/projects/vaartkomplein/img_3711-1440x960.jpg]
[onkruid.studio/projects/club-kiosk-16.html]
[onkruid.studio/thumbs/projects/club-kiosk-16/buiten-verblijf-20160723-5-van-53-min-2160x1440.jpg]
[onkruid.studio/thumbs/projects/club-kiosk-16/buiten-verblijf-20160723-5-van-53-min-1440x960.jpg]
[onkruid.studio/content/2-projects/16-club-kiosk-16/buiten-verblijf-20160723-50-van-53.jpg]
[onkruid.studio/thumbs/projects/club-kiosk-16/buiten-verblijf-20160723-51-van-53-2160x1440.jpg]
[onkruid.studio/thumbs/projects/club-kiosk-16/buiten-verblijf-20160723-51-van-53-1440x960.jpg]
[onkruid.studio/thumbs/projects/club-kiosk-16/buitenverblijf-17-_-juli-2016-110-van-110-min-2160x1440.jpg]
[onkruid.studio/thumbs/projects/club-kiosk-16/buitenverblijf-17-_-juli-2016-110-van-110-min-1440x960.jpg]
[onkruid.studio/thumbs/projects/club-kiosk-16/buitenverblijf-17-_-juli-2016-66-van-110-min-2160x1440.jpg]
[onkruid.studio/thumbs/projects/club-kiosk-16/buitenverblijf-17-_-juli-2016-66-van-110-min-1440x960.jpg]
[onkruid.studio/content/2-projects/16-club-kiosk-16/half-oogst-1-van-1-1-min.jpg]
[onkruid.studio/content/2-projects/16-club-kiosk-16/zomerfilms.jpg]
[onkruid.studio/projects/youtopia-utopia.html]
[onkruid.studio/thumbs/projects/youtopia-utopia/20160924-utopia-82-2160x1440.jpg]
[onkruid.studio/thumbs/projects/youtopia-utopia/20160924-utopia-82-1440x960.jpg]
[onkruid.studio/thumbs/projects/youtopia-utopia/20160924-utopia-16-2160x1440.jpg]
[onkruid.studio/thumbs/projects/youtopia-utopia/20160924-utopia-16-1440x960.jpg]
[onkruid.studio/thumbs/projects/youtopia-utopia/20160924-utopia-24-2160x1440.jpg]
[onkruid.studio/thumbs/projects/youtopia-utopia/20160924-utopia-24-1440x960.jpg]
[onkruid.studio/thumbs/projects/youtopia-utopia/20160924-utopia-25-2160x1440.jpg]
[onkruid.studio/thumbs/projects/youtopia-utopia/20160924-utopia-25-1440x960.jpg]
[onkruid.studio/thumbs/projects/youtopia-utopia/20160924-utopia-85-2160x1440.jpg]
[onkruid.studio/thumbs/projects/youtopia-utopia/20160924-utopia-85-1440x960.jpg]
[onkruid.studio/projects/space.html]
[onkruid.studio/thumbs/projects/space/13490578_1191104000907821_4137164922010988977_o-2160x1440.jpg]
[onkruid.studio/thumbs/projects/space/13490578_1191104000907821_4137164922010988977_o-1440x960.jpg]
[onkruid.studio/thumbs/projects/space/13483287_1191102944241260_8244423206731322699_o-2160x1440.jpg]
[onkruid.studio/thumbs/projects/space/13483287_1191102944241260_8244423206731322699_o-1440x960.jpg]
[onkruid.studio/thumbs/projects/space/13482993_1191102974241257_5206026271516419958_o-2160x1440.jpg]
[onkruid.studio/thumbs/projects/space/13482993_1191102974241257_5206026271516419958_o-1440x960.jpg]
[onkruid.studio/thumbs/projects/space/13522803_1191108940907327_1463607938228796356_o-2160x1440.jpg]
[onkruid.studio/thumbs/projects/space/13522803_1191108940907327_1463607938228796356_o-1440x960.jpg]
[onkruid.studio/thumbs/projects/space/13475174_1191109247573963_3298240271819486001_o-2160x1440.jpg]
[onkruid.studio/thumbs/projects/space/13475174_1191109247573963_3298240271819486001_o-1440x960.jpg]
[onkruid.studio/projects/horst15.html]
[onkruid.studio/thumbs/projects/horst15/horst_jeroenverrecht_5765-2160x1440.jpg]
[onkruid.studio/thumbs/projects/horst15/horst_jeroenverrecht_5765-1440x960.jpg]
[onkruid.studio/thumbs/projects/horst15/horst_jeroenverrecht_5542-2160x1440.jpg]
[onkruid.studio/thumbs/projects/horst15/horst_jeroenverrecht_5542-1440x960.jpg]
[onkruid.studio/thumbs/projects/horst15/11225417_937613989668146_8341823488826478119_o-2160x1440.jpg]
[onkruid.studio/thumbs/projects/horst15/11225417_937613989668146_8341823488826478119_o-1440x960.jpg]
[onkruid.studio/thumbs/projects/horst15/12010548_937614813001397_7209998173489811975_o-2160x1440.jpg]
[onkruid.studio/thumbs/projects/horst15/12010548_937614813001397_7209998173489811975_o-1440x960.jpg]
[onkruid.studio/thumbs/projects/horst15/12039150_937614489668096_7013591762298620116_o-2160x1440.jpg]
[onkruid.studio/thumbs/projects/horst15/12039150_937614489668096_7013591762298620116_o-1440x960.jpg]
[onkruid.studio/thumbs/projects/horst15/12080325_937614843001394_2989644738916697466_o-2160x1440.jpg]
[onkruid.studio/thumbs/projects/horst15/12080325_937614843001394_2989644738916697466_o-1440x960.jpg]
[onkruid.studio/thumbs/projects/horst15/12091177_937614093001469_2563032574798932522_o-2160x1440.jpg]
[onkruid.studio/thumbs/projects/horst15/12091177_937614093001469_2563032574798932522_o-1440x960.jpg]
[onkruid.studio/thumbs/projects/horst15/12109927_937614149668130_4228586070827952314_o-2160x1440.jpg]
[onkruid.studio/thumbs/projects/horst15/12109927_937614149668130_4228586070827952314_o-1440x960.jpg]
[onkruid.studio/thumbs/projects/horst15/12113344_937623906333821_4681351280649396236_o-2160x1440.jpg]
[onkruid.studio/thumbs/projects/horst15/12113344_937623906333821_4681351280649396236_o-1440x960.jpg]
[onkruid.studio/thumbs/projects/horst15/12113381_938020202960858_2869520306033943926_o-2160x1440.jpg]
[onkruid.studio/thumbs/projects/horst15/12113381_938020202960858_2869520306033943926_o-1440x960.jpg]
[onkruid.studio/thumbs/projects/horst15/12113406_937614726334739_8351561579503932755_o-2160x1440.jpg]
[onkruid.studio/thumbs/projects/horst15/12113406_937614726334739_8351561579503932755_o-1440x960.jpg]
[onkruid.studio/thumbs/projects/horst15/12119952_937623816333830_9167460178602519966_o-2160x1440.jpg]
[onkruid.studio/thumbs/projects/horst15/12119952_937623816333830_9167460178602519966_o-1440x960.jpg]
[onkruid.studio/thumbs/projects/horst15/12138359_938019136294298_5774944979900164784_o-2160x1440.jpg]
[onkruid.studio/thumbs/projects/horst15/12138359_938019136294298_5774944979900164784_o-1440x960.jpg]
[onkruid.studio/thumbs/projects/horst15/12140085_937614599668085_4664764297695594115_o-2160x1440.jpg]
[onkruid.studio/thumbs/projects/horst15/12140085_937614599668085_4664764297695594115_o-1440x960.jpg]
[onkruid.studio/projects/schouwburg.html]
[onkruid.studio/thumbs/projects/schouwburg/onkruid-30cc-24-2160x1440.jpg]
[onkruid.studio/thumbs/projects/schouwburg/onkruid-30cc-24-1440x960.jpg]
[onkruid.studio/thumbs/projects/schouwburg/onkruid-30cc-29-2160x1440.jpg]
[onkruid.studio/thumbs/projects/schouwburg/onkruid-30cc-29-1440x960.jpg]
[onkruid.studio/thumbs/projects/schouwburg/onkruid-30cc-2-2160x1440.jpg]
[onkruid.studio/thumbs/projects/schouwburg/onkruid-30cc-2-1440x960.jpg]
[onkruid.studio/thumbs/projects/schouwburg/onkruid-30cc-36-2160x1440.jpg]
[onkruid.studio/thumbs/projects/schouwburg/onkruid-30cc-36-1440x960.jpg]
[onkruid.studio/thumbs/projects/schouwburg/onkruid-30cc-79-2160x1440.jpg]
[onkruid.studio/thumbs/projects/schouwburg/onkruid-30cc-79-1440x960.jpg]
[onkruid.studio/thumbs/projects/schouwburg/onkruid-30cc-72-2160x1440.jpg]
[onkruid.studio/thumbs/projects/schouwburg/onkruid-30cc-72-1440x960.jpg]
[onkruid.studio/thumbs/projects/schouwburg/_mg_1657-2160x1440.jpg]
[onkruid.studio/thumbs/projects/schouwburg/_mg_1657-1440x960.jpg]
[onkruid.studio/thumbs/projects/schouwburg/onkruid-30cc-87-2160x1440.jpg]
[onkruid.studio/thumbs/projects/schouwburg/onkruid-30cc-87-1440x960.jpg]
[onkruid.studio/projects/onkruid-kitchen.html]
[onkruid.studio/thumbs/projects/onkruid-kitchen/lukas-turcksin-01-2160x1440.jpg]
[onkruid.studio/thumbs/projects/onkruid-kitchen/lukas-turcksin-01-1440x960.jpg]
[onkruid.studio/thumbs/projects/onkruid-kitchen/lukas-turcksin-04-2160x1440.jpg]
[onkruid.studio/thumbs/projects/onkruid-kitchen/lukas-turcksin-04-1440x960.jpg]
[onkruid.studio/thumbs/projects/onkruid-kitchen/onkruid_stukcafejoeri-thiry-stuk-leuven-5-2160x1440.jpg]
[onkruid.studio/thumbs/projects/onkruid-kitchen/onkruid_stukcafejoeri-thiry-stuk-leuven-5-1440x960.jpg]
[onkruid.studio/thumbs/projects/onkruid-kitchen/trailerpark-festival_abdellah-ihadian-0967-2160x1440.jpg]
[onkruid.studio/thumbs/projects/onkruid-kitchen/trailerpark-festival_abdellah-ihadian-0967-1440x960.jpg]
[onkruid.studio/projects/molens-van-orshoven.html]
[onkruid.studio/thumbs/projects/molens-van-orshoven/test3-2160x1440.jpg]
[onkruid.studio/thumbs/projects/molens-van-orshoven/test3-1440x960.jpg]
[onkruid.studio/thumbs/projects/molens-van-orshoven/test6-2160x1440.jpg]
[onkruid.studio/thumbs/projects/molens-van-orshoven/test6-1440x960.jpg]
[onkruid.studio/thumbs/projects/molens-van-orshoven/test8-2160x1440.jpg]
[onkruid.studio/thumbs/projects/molens-van-orshoven/test8-1440x960.jpg]
[onkruid.studio/projects/horst.html]
[onkruid.studio/thumbs/projects/horst/screenshot-2018-11-22-at-11.03.49-2160x1440.jpg]
[onkruid.studio/thumbs/projects/horst/screenshot-2018-11-22-at-11.03.49-1440x960.jpg]
[onkruid.studio/thumbs/projects/horst/horst_jeroenverrecht_0075-2160x1440.jpg]
[onkruid.studio/thumbs/projects/horst/horst_jeroenverrecht_0075-1440x960.jpg]
[onkruid.studio/thumbs/projects/horst/screenshot-2018-11-22-at-11.03-2160x1440.jpg]
[onkruid.studio/thumbs/projects/horst/screenshot-2018-11-22-at-11.03-1440x960.jpg]
[onkruid.studio/thumbs/projects/horst/horst_jeroenverrecht_0030-2160x1440.jpg]
[onkruid.studio/thumbs/projects/horst/horst_jeroenverrecht_0030-1440x960.jpg]
[onkruid.studio/thumbs/projects/horst/screenshot-2018-11-22-at-11.02-2160x1440.jpg]
[onkruid.studio/thumbs/projects/horst/screenshot-2018-11-22-at-11.02-1440x960.jpg]
[onkruid.studio/thumbs/projects/horst/horst_jeroenverrecht_9999-2160x1440.jpg]
[onkruid.studio/thumbs/projects/horst/horst_jeroenverrecht_9999-1440x960.jpg]
[onkruid.studio/thumbs/projects/horst/horst_jeroenverrecht_datum-2160x1440.jpg]
[onkruid.studio/thumbs/projects/horst/horst_jeroenverrecht_datum-1440x960.jpg]
[onkruid.studio/projects/sluispark.html]
[onkruid.studio/thumbs/projects/sluispark/2013-09-24-14.57.50-2160x1440.jpg]
[onkruid.studio/thumbs/projects/sluispark/2013-09-24-14.57.50-1440x960.jpg]
[onkruid.studio/thumbs/projects/sluispark/hrn-pop-up-2160x1440.jpg]
[onkruid.studio/thumbs/projects/sluispark/hrn-pop-up-1440x960.jpg]
[onkruid.studio/thumbs/projects/sluispark/2013-09-24-19.06.40-2160x1440.jpg]
[onkruid.studio/thumbs/projects/sluispark/2013-09-24-19.06.40-1440x960.jpg]
[onkruid.studio/thumbs/projects/sluispark/2013-09-24-14.57.57-2160x1440.jpg]
[onkruid.studio/thumbs/projects/sluispark/2013-09-24-14.57.57-1440x960.jpg]
[onkruid.studio/projects.html]
[onkruid.studio/contact.html]
[onkruid.studio/content/4-jobs/30052328_1858755324142682_5919334962676910968_o.jpg]
[onkruid.studio/jobs.html]
[onkruid.studio/assets/plugins/embed/js/embed.js]
[onkruid.studio/assets/dist/fonts/NHaasGroteskTXStd-55Rg.svg]
[onkruid.studio/assets/dist/img/arrow--left--white.svg]
[onkruid.studio/assets/dist/img/arrow--right--white.svg]
[onkruid.studio/content/2-projects/1-horst18/00sel_horst_maxim_vrijdag_drop-02h-19-1.jpg]
[onkruid.studio/projects/horst18.html]
[onkruid.studio/content/2-projects/2-club-kiosk/clubkioskonkruid-6.jpg]
[onkruid.studio/projects/club-kiosk.html]
[onkruid.studio/content/2-projects/3-creatives-shaping-cities-iii/img_7298.jpg]
[onkruid.studio/projects/creatives-shaping-cities-iii.html]
[onkruid.studio/projects/zwemkom.html]
[onkruid.studio/content/2-projects/15-vaartkomplein/img_4970.jpg]
[onkruid.studio/projects/vaartkomplein.html]
[onkruid.studio/content/2-projects/5-creatives-shaping-cities-ii/28424180_1741657155930488_639081713470149806_o.jpg]
[onkruid.studio/projects/creatives-shaping-cities-ii.html]
[onkruid.studio/content/2-projects/6-stelplaats/inkom.jpg]
[onkruid.studio/projects/stelplaats.html]
[onkruid.studio/projects/moorkensplein.html]
[onkruid.studio/projects/horst17.html]
[onkruid.studio/projects/stuk-cafe.html]
[onkruid.studio/content/2-projects/10-the-slope/2017-06-30-20u09s-jokko-1114-_.jpg]
[onkruid.studio/projects/the-slope.html]
[onkruid.studio/projects/creatives-shaping-cities-i.html]
[onkruid.studio/projects/slachthuissite.html]
[onkruid.studio/projects/jaar-schouwburg.html]
[onkruid.studio/projects/horst-16.html]
[onkruid.studio/projects/club-kiosk-16.html]
[onkruid.studio/projects/youtopia-utopia.html]
[onkruid.studio/projects/space.html]
[onkruid.studio/projects/horst15.html]
[onkruid.studio/projects/schouwburg.html]
[onkruid.studio/content/2-projects/21-onkruid-kitchen/lukas-turcksin-01.jpg]
[onkruid.studio/projects/onkruid-kitchen.html]
[onkruid.studio/projects/molens-van-orshoven.html]
[onkruid.studio/content/2-projects/23-horst/screenshot-2018-11-22-at-11.03.jpg]
[onkruid.studio/projects/horst.html]
[onkruid.studio/projects/sluispark.html]
